// Jest Snapshot v1, https://goo.gl/fbAQLP

exports[`Calculate 1`] = `
<div
  className="container"
>
  <h2
    style={
      Object {
        "padding": "20px",
      }
    }
  >
    Let's do some Math!
  </h2>
  <div
    className="container"
  >
    <div
      className="display"
    >
      0
    </div>
    <button
      className="white"
      onClick={[Function]}
      type="button"
    >
      AC
    </button>
    <button
      className="white"
      onClick={[Function]}
      type="button"
    >
      +/-
    </button>
    <button
      className="white"
      onClick={[Function]}
      type="button"
    >
      %
    </button>
    <button
      className="yellow"
      onClick={[Function]}
      type="button"
    >
      รท
    </button>
    <button
      className="white"
      onClick={[Function]}
      type="button"
    >
      7
    </button>
    <button
      className="white"
      onClick={[Function]}
      type="button"
    >
      8
    </button>
    <button
      className="white"
      onClick={[Function]}
      type="button"
    >
      9
    </button>
    <button
      className="yellow"
      onClick={[Function]}
      type="button"
    >
      x
    </button>
    <button
      className="white"
      onClick={[Function]}
      type="button"
    >
      4
    </button>
    <button
      className="white"
      onClick={[Function]}
      type="button"
    >
      5
    </button>
    <button
      className="white"
      onClick={[Function]}
      type="button"
    >
      6
    </button>
    <button
      className="yellow"
      onClick={[Function]}
      type="button"
    >
      -
    </button>
    <button
      className="white"
      onClick={[Function]}
      type="button"
    >
      1
    </button>
    <button
      className="white"
      onClick={[Function]}
      type="button"
    >
      2
    </button>
    <button
      className="white"
      onClick={[Function]}
      type="button"
    >
      3
    </button>
    <button
      className="yellow"
      onClick={[Function]}
      type="button"
    >
      +
    </button>
    <button
      className="zero white"
      onClick={[Function]}
      type="button"
    >
      0
    </button>
    <button
      className="white"
      onClick={[Function]}
      type="button"
    >
      .
    </button>
    <button
      className="yellow"
      onClick={[Function]}
      type="button"
    >
      =
    </button>
  </div>
</div>
`;
