// Jest Snapshot v1, https://goo.gl/fbAQLP

exports[`Be a button 1`] = `
<button
  className="white"
  onClick={[Function]}
  type="button"
>
  AC
</button>
`;
